// Jest Snapshot v1, https://goo.gl/fbAQLP

exports[`The Header  matches Snapshot 1`] = `
<div>
  <header>
    <div
      class="header__MainPageDiv"
    >
      <button
        class="header__button"
      >
        <h1
          class="header__h1"
        >
          Main Page
        </h1>
      </button>
    </div>
    <div
      class="header__ShopDiv"
    >
      <button
        class="header__button"
      >
        <p
          class="header__p"
        >
          Shop
        </p>
      </button>
    </div>
    <div
      class="header__CartDiv"
    >
      <button
        class="header__button"
      >
        <p
          class="header__p"
        >
          Cart
        </p>
      </button>
    </div>
  </header>
</div>
`;
